[INFO] Scanning for projects...
[INFO] 
[INFO] -----------------------< com.findeks:miniscore >------------------------
[INFO] Building  0.0.1-SNAPSHOT
[INFO]   from pom.xml
[INFO] --------------------------------[ jar ]---------------------------------
[INFO] 
[INFO] >>> spring-boot:3.5.15:run (default-cli) > test-compile @ miniscore >>>
[INFO] 
[INFO] --- resources:3.3.1:resources (default-resources) @ miniscore ---
[INFO] Copying 1 resource from src\main\resources to target\classes
[INFO] Copying 0 resource from src\main\resources to target\classes
[INFO] 
[INFO] --- compiler:3.14.1:compile (default-compile) @ miniscore ---
[INFO] Recompiling the module because of changed source code.
[INFO] Compiling 23 source files with javac [debug parameters release 17] to target\classes
[WARNING] /C:/Users/alpka/FindeksRaporuStaj/miniscore/backend/src/main/java/com/findeks/miniscore/entity/User.java:[55,17] @Builder will ignore the initializing expression entirely. If you want the initializing expression to serve as default, add @Builder.Default. If it is not supposed to be settable during building, make the field final.
[WARNING] /C:/Users/alpka/FindeksRaporuStaj/miniscore/backend/src/main/java/com/findeks/miniscore/entity/User.java:[61,30] @Builder will ignore the initializing expression entirely. If you want the initializing expression to serve as default, add @Builder.Default. If it is not supposed to be settable during building, make the field final.
[INFO] 
[INFO] --- resources:3.3.1:testResources (default-testResources) @ miniscore ---
[INFO] skip non existing resourceDirectory C:\Users\alpka\FindeksRaporuStaj\miniscore\backend\src\test\resources
[INFO] 
[INFO] --- compiler:3.14.1:testCompile (default-testCompile) @ miniscore ---
[INFO] Recompiling the module because of changed dependency.
[INFO] 
[INFO] <<< spring-boot:3.5.15:run (default-cli) < test-compile @ miniscore <<<
[INFO] 
[INFO] 
[INFO] --- spring-boot:3.5.15:run (default-cli) @ miniscore ---
[INFO] Attaching agents: []

  .   ____          _            __ _ _
 /\\ / ___'_ __ _ _(_)_ __  __ _ \ \ \ \
( ( )\___ | '_ | '_| | '_ \/ _` | \ \ \ \
 \\/  ___)| |_)| | | | | || (_| |  ) ) ) )
  '  |____| .__|_| |_|_| |_\__, | / / / /
 =========|_|==============|___/=/_/_/_/

 :: Spring Boot ::               (v3.5.15)

2026-07-16T13:56:31.232+03:00  INFO 19756 --- [           main] c.f.miniscore.MiniscoreApplication       : Starting MiniscoreApplication using Java 17.0.12 with PID 19756 (C:\Users\alpka\FindeksRaporuStaj\miniscore\backend\target\classes started by alpka in C:\Users\alpka\FindeksRaporuStaj\miniscore\backend)
2026-07-16T13:56:31.234+03:00  INFO 19756 --- [           main] c.f.miniscore.MiniscoreApplication       : No active profile set, falling back to 1 default profile: "default"
2026-07-16T13:56:31.629+03:00  INFO 19756 --- [           main] .s.d.r.c.RepositoryConfigurationDelegate : Bootstrapping Spring Data JPA repositories in DEFAULT mode.
2026-07-16T13:56:31.670+03:00  INFO 19756 --- [           main] .s.d.r.c.RepositoryConfigurationDelegate : Finished Spring Data repository scanning in 34 ms. Found 3 JPA repository interfaces.
2026-07-16T13:56:32.007+03:00  INFO 19756 --- [           main] o.s.b.w.embedded.tomcat.TomcatWebServer  : Tomcat initialized with port 8080 (http)
2026-07-16T13:56:32.014+03:00  INFO 19756 --- [           main] o.apache.catalina.core.StandardService   : Starting service [Tomcat]
2026-07-16T13:56:32.015+03:00  INFO 19756 --- [           main] o.apache.catalina.core.StandardEngine    : Starting Servlet engine: [Apache Tomcat/10.1.55]
2026-07-16T13:56:32.050+03:00  INFO 19756 --- [           main] o.a.c.c.C.[Tomcat].[localhost].[/]       : Initializing Spring embedded WebApplicationContext
2026-07-16T13:56:32.051+03:00  INFO 19756 --- [           main] w.s.c.ServletWebServerApplicationContext : Root WebApplicationContext: initialization completed in 793 ms
2026-07-16T13:56:32.123+03:00  INFO 19756 --- [           main] o.hibernate.jpa.internal.util.LogHelper  : HHH000204: Processing PersistenceUnitInfo [name: default]
2026-07-16T13:56:32.156+03:00  INFO 19756 --- [           main] org.hibernate.Version                    : HHH000412: Hibernate ORM core version 6.6.53.Final
2026-07-16T13:56:32.175+03:00  INFO 19756 --- [           main] o.h.c.internal.RegionFactoryInitiator    : HHH000026: Second-level cache disabled
2026-07-16T13:56:32.330+03:00  INFO 19756 --- [           main] o.s.o.j.p.SpringPersistenceUnitInfo      : No LoadTimeWeaver setup: ignoring JPA class transformer
2026-07-16T13:56:32.348+03:00  INFO 19756 --- [           main] com.zaxxer.hikari.HikariDataSource       : HikariPool-1 - Starting...
2026-07-16T13:56:32.439+03:00  INFO 19756 --- [           main] com.zaxxer.hikari.pool.HikariPool        : HikariPool-1 - Added connection org.postgresql.jdbc.PgConnection@2913ca3e
2026-07-16T13:56:32.440+03:00  INFO 19756 --- [           main] com.zaxxer.hikari.HikariDataSource       : HikariPool-1 - Start completed.
2026-07-16T13:56:32.483+03:00  INFO 19756 --- [           main] org.hibernate.orm.connections.pooling    : HHH10001005: Database info:
	Database JDBC URL [Connecting through datasource 'HikariDataSource (HikariPool-1)']
	Database driver: undefined/unknown
	Database version: 15.18
	Autocommit mode: undefined/unknown
	Isolation level: undefined/unknown
	Minimum pool size: undefined/unknown
	Maximum pool size: undefined/unknown
2026-07-16T13:56:33.074+03:00  INFO 19756 --- [           main] o.h.e.t.j.p.i.JtaPlatformInitiator       : HHH000489: No JTA platform available (set 'hibernate.transaction.jta.platform' to enable JTA platform integration)
2026-07-16T13:56:33.136+03:00  INFO 19756 --- [           main] j.LocalContainerEntityManagerFactoryBean : Initialized JPA EntityManagerFactory for persistence unit 'default'
2026-07-16T13:56:33.345+03:00  INFO 19756 --- [           main] r$InitializeUserDetailsManagerConfigurer : Global AuthenticationManager configured with UserDetailsService bean with name customUserDetailsService
2026-07-16T13:56:33.394+03:00  WARN 19756 --- [           main] JpaBaseConfiguration$JpaWebConfiguration : spring.jpa.open-in-view is enabled by default. Therefore, database queries may be performed during view rendering. Explicitly configure spring.jpa.open-in-view to disable this warning
2026-07-16T13:56:33.647+03:00  WARN 19756 --- [           main] ConfigServletWebServerApplicationContext : Exception encountered during context initialization - cancelling refresh attempt: org.springframework.context.ApplicationContextException: Failed to start bean 'webServerStartStop'
2026-07-16T13:56:33.649+03:00  INFO 19756 --- [           main] j.LocalContainerEntityManagerFactoryBean : Closing JPA EntityManagerFactory for persistence unit 'default'
2026-07-16T13:56:33.649+03:00  INFO 19756 --- [           main] com.zaxxer.hikari.HikariDataSource       : HikariPool-1 - Shutdown initiated...
2026-07-16T13:56:33.652+03:00  INFO 19756 --- [           main] com.zaxxer.hikari.HikariDataSource       : HikariPool-1 - Shutdown completed.
2026-07-16T13:56:33.662+03:00  INFO 19756 --- [           main] .s.b.a.l.ConditionEvaluationReportLogger : 

Error starting ApplicationContext. To display the condition evaluation report re-run your application with 'debug' enabled.
2026-07-16T13:56:33.671+03:00 ERROR 19756 --- [           main] o.s.b.d.LoggingFailureAnalysisReporter   : 

***************************
APPLICATION FAILED TO START
***************************

Description:

Web server failed to start. Port 8080 was already in use.

Action:

Identify and stop the process that's listening on port 8080 or configure this application to listen on another port.

[INFO] ------------------------------------------------------------------------
[INFO] BUILD FAILURE
[INFO] ------------------------------------------------------------------------
[INFO] Total time:  6.062 s
[INFO] Finished at: 2026-07-16T13:56:33+03:00
[INFO] ------------------------------------------------------------------------
[ERROR] Failed to execute goal org.springframework.boot:spring-boot-maven-plugin:3.5.15:run (default-cli) on project miniscore: Process terminated with exit code: 1 -> [Help 1]
[ERROR] 
[ERROR] To see the full stack trace of the errors, re-run Maven with the -e switch.
[ERROR] Re-run Maven using the -X switch to enable full debug logging.
[ERROR] 
[ERROR] For more information about the errors and possible solutions, please read the following articles:
[ERROR] [Help 1] http://cwiki.apache.org/confluence/display/MAVEN/MojoExecutionException
